[getchillwell.co/index.html]
[backblue.gif]
[fade.gif]
[index.html]
[getchillwell.co/_lp_data/favicon.ico]
[getchillwell.co/_lp_data/files/landers/homepagestyle_1/v2/css/plugins/animate.css]
[getchillwell.co/_lp_data/files/landers/homepagestyle_1/v2/css/lib/bootstrap.min.css]
[getchillwell.co/_lp_data/files/landers/homepagestyle_1/v2/css/colorThemes.css]
[getchillwell.co/_lp_data/files/landers/homepagestyle_1/v2/css/style.css]
[getchillwell.co/_lp_data/files/landers/homepagestyle_1/v2/js/lib/jquery-3.6.0.min.js]
[getchillwell.co/_lp_data/files/landers/homepagestyle_1/v2/js/lib/bootstrap.min.js]
[getchillwell.co/_lp_data/files/landers/homepagestyle_1/v2/vendors/owl-carousel/owl.carousel.min.js]
[getchillwell.co/_lp_data/files/landers/homepagestyle_1/v2/js/plugins/wow.min.js]
[getchillwell.co/_lp_data/files/landers/homepagestyle_1/v2/js/plugins/masonry.min.js]
[getchillwell.co/_lp_data/files/landers/homepagestyle_1/v2/js/main.js]
[getchillwell.co/index.html]
[getchillwell.co/_lp_data/files/landers/homepagestyle_1/v2/vendors/owl-carousel/owl.carousel.min.css]
[getchillwell.co/_lp_data/files/landers/homepagestyle_1/v2/css/plugins/animate.css]
[getchillwell.co/_lp_data/files/landers/homepagestyle_1/v2/css/lib/bootstrap.min.css]
[getchillwell.co/_lp_data/files/landers/homepagestyle_1/v2/css/colorThemes.css]
[getchillwell.co/_lp_data/files/landers/homepagestyle_1/v2/components/landers/navbar/navbar.css]
[getchillwell.co/_lp_data/files/landers/homepagestyle_1/v2/components/landers/header2/header2.css]
[getchillwell.co/_lp_data/files/landers/homepagestyle_1/v2/components/landers/header3/header3.css]
[getchillwell.co/_lp_data/files/landers/homepagestyle_1/v2/components/landers/header4-rework/header4-rework.css]
[getchillwell.co/_lp_data/files/landers/homepagestyle_1/v2/components/landers/header5-rework/header5-rework.css]
[getchillwell.co/_lp_data/files/landers/homepagestyle_1/v2/components/landers/product/product.css]
[getchillwell.co/_lp_data/files/landers/homepagestyle_1/v2/components/landers/product2-v2/product2-v2.css]
[getchillwell.co/_lp_data/files/landers/homepagestyle_1/v2/components/landers/special-offer-v2/special-offer-v2.css]
[getchillwell.co/_lp_data/files/landers/homepagestyle_1/v2/components/landers/features-rework/features-rework.css]
[getchillwell.co/_lp_data/files/landers/homepagestyle_1/v2/components/landers/reviews/reviews.css]
[getchillwell.co/_lp_data/files/landers/homepagestyle_1/v2/components/landers/reviews2-v2/reviews2-v2.css]
[getchillwell.co/_lp_data/files/landers/homepagestyle_1/v2/components/landers/call-to-action-v2/call-to-action-v2.css]
[getchillwell.co/_lp_data/files/landers/homepagestyle_1/v2/components/landers/special-offer2-v2/special-offer2-v2.css]
[getchillwell.co/_lp_data/files/landers/homepagestyle_1/v2/components/landers/fb-comments/fb-comments.css]
[getchillwell.co/_lp_data/files/landers/homepagestyle_1/v2/components/landers/fb-posts/fb-posts.css]
[getchillwell.co/_lp_data/files/landers/homepagestyle_1/v2/components-old/landers/header4/header4.css]
[getchillwell.co/_lp_data/files/landers/homepagestyle_1/v2/components-old/landers/header5/header5.css]
[getchillwell.co/_lp_data/files/landers/homepagestyle_1/v2/components-old/landers/features/features.css]
[getchillwell.co/_lp_data/files/landers/homepagestyle_1/v2/css/style.css]
[getchillwell.co/_lp_data/files/landers/homepagestyle_1/v2/vendors/owl-carousel/owl.video.play.html]
[getchillwell.co/_lp_data/files/landers/homepagestyle_1/v2/components/landers/announcement-bar/announcement-bar.css]
[getchillwell.co/_lp_data/files/landers/homepagestyle_1/v2/components/landers/navbar/navbar.css]
[getchillwell.co/_lp_data/files/landers/homepagestyle_1/v2/components/landers/header1-v2/header1-v2.css]
[getchillwell.co/_lp_data/files/landers/homepagestyle_1/v2/components/landers/header2/header2.css]
[getchillwell.co/_lp_data/files/landers/homepagestyle_1/v2/components/landers/header3/header3.css]
[getchillwell.co/_lp_data/files/landers/homepagestyle_1/v2/components/landers/header4-rework/header4-rework.css]
[getchillwell.co/_lp_data/files/landers/homepagestyle_1/v2/components/landers/header5-rework/header5-rework.css]
[getchillwell.co/_lp_data/files/landers/homepagestyle_1/v2/components/landers/product/product.css]
[getchillwell.co/_lp_data/files/landers/homepagestyle_1/v2/components/landers/product1-v2/product1-v2.css]
[getchillwell.co/_lp_data/files/landers/homepagestyle_1/v2/components/landers/product1-with-image-v2/product1-with-image-v2.css]
[getchillwell.co/_lp_data/files/landers/homepagestyle_1/v2/components/landers/product2-v2/product2-v2.css]
[getchillwell.co/_lp_data/files/landers/homepagestyle_1/v2/components/landers/benefits/benefits.css]
[getchillwell.co/_lp_data/files/landers/homepagestyle_1/v2/components/landers/picture-showcase/picture-showcase.css]
[getchillwell.co/_lp_data/files/landers/homepagestyle_1/v2/components/landers/the-watch/the-watch.css]
[getchillwell.co/_lp_data/files/landers/homepagestyle_1/v2/components/landers/the-watch-v2/the-watch-v2.css]
[getchillwell.co/_lp_data/files/landers/homepagestyle_1/v2/components/landers/faq/faq.css]
[getchillwell.co/_lp_data/files/landers/homepagestyle_1/v2/components/landers/sale-info/sale-info.css]
[getchillwell.co/_lp_data/files/landers/homepagestyle_1/v2/components/landers/sale-info-v2/sale-info-v2.css]
[getchillwell.co/_lp_data/files/landers/homepagestyle_1/v2/components/landers/usage-list/usage-list.css]
[getchillwell.co/_lp_data/files/landers/homepagestyle_1/v2/components/landers/usage-list-v2/usage-list-v2.css]
[getchillwell.co/_lp_data/files/landers/homepagestyle_1/v2/components/landers/usage-list-v3/usage-list-v3.css]
[getchillwell.co/_lp_data/files/landers/homepagestyle_1/v2/components/landers/quotes/quotes.css]
[getchillwell.co/_lp_data/files/landers/homepagestyle_1/v2/components/landers/quotes2/quotes2.css]
[getchillwell.co/_lp_data/files/landers/homepagestyle_1/v2/components/landers/quotes-v2/quotes-v2.css]
[getchillwell.co/_lp_data/files/landers/homepagestyle_1/v2/components/landers/YTvideos/YTvideos.css]
[getchillwell.co/_lp_data/files/landers/homepagestyle_1/v2/components/landers/as-seen-on/as-seen-on.css]
[getchillwell.co/_lp_data/files/landers/homepagestyle_1/v2/components/landers/special-offer/special-offer.css]
[getchillwell.co/_lp_data/files/landers/homepagestyle_1/v2/components/landers/special-offer-v2/special-offer-v2.css]
[getchillwell.co/_lp_data/files/landers/homepagestyle_1/v2/components/landers/features-rework/features-rework.css]
[getchillwell.co/_lp_data/files/landers/homepagestyle_1/v2/components/landers/features2/features2.css]
[getchillwell.co/_lp_data/files/landers/homepagestyle_1/v2/components/landers/features2-v2/features2-v2.css]
[getchillwell.co/_lp_data/files/landers/homepagestyle_1/v2/components/landers/product3/product3.css]
[getchillwell.co/_lp_data/files/landers/homepagestyle_1/v2/components/landers/product4/product4.css]
[getchillwell.co/_lp_data/files/landers/homepagestyle_1/v2/components/landers/highlight-paragraph/highlight-paragraph.css]
[getchillwell.co/_lp_data/files/landers/homepagestyle_1/v2/components/landers/highlight-paragraph-v2/highlight-paragraph-v2.css]
[getchillwell.co/_lp_data/files/landers/homepagestyle_1/v2/components/landers/more-features/more-features.css]
[getchillwell.co/_lp_data/files/landers/homepagestyle_1/v2/components/landers/reviews/reviews.css]
[getchillwell.co/_lp_data/files/landers/homepagestyle_1/v2/components/landers/reviews-v2/reviews-v2.css]
[getchillwell.co/_lp_data/files/landers/homepagestyle_1/v2/components/landers/reviews2/reviews2.css]
[getchillwell.co/_lp_data/files/landers/homepagestyle_1/v2/components/landers/reviews2-v2/reviews2-v2.css]
[getchillwell.co/_lp_data/files/landers/homepagestyle_1/v2/components/landers/steps/steps.css]
[getchillwell.co/_lp_data/files/landers/homepagestyle_1/v2/components/landers/steps-v2/steps-v2.css]
[getchillwell.co/_lp_data/files/landers/homepagestyle_1/v2/components/landers/call-to-action/call-to-action.css]
[getchillwell.co/_lp_data/files/landers/homepagestyle_1/v2/components/landers/call-to-action-v2/call-to-action-v2.css]
[getchillwell.co/_lp_data/files/landers/homepagestyle_1/v2/components/landers/recommended-by/recommended-by.css]
[getchillwell.co/_lp_data/files/landers/homepagestyle_1/v2/components/landers/recommended-by-v2/recommended-by-v2.css]
[getchillwell.co/_lp_data/files/landers/homepagestyle_1/v2/components/landers/special-offer2/special-offer2.css]
[getchillwell.co/_lp_data/files/landers/homepagestyle_1/v2/components/landers/special-offer2-v2/special-offer2-v2.css]
[getchillwell.co/_lp_data/files/landers/homepagestyle_1/v2/components/landers/reviews3/reviews3.css]
[getchillwell.co/_lp_data/files/landers/homepagestyle_1/v2/components/landers/small-side-popup/small-side-popup.css]
[getchillwell.co/_lp_data/files/landers/homepagestyle_1/v2/components/landers/footer2/footer2.css]
[getchillwell.co/_lp_data/files/landers/homepagestyle_1/v2/components/landers/exit-modal/exit-modal.css]
[getchillwell.co/_lp_data/files/landers/homepagestyle_1/v2/components/landers/exit-modal-v2/exit-modal-v2.css]
[getchillwell.co/_lp_data/files/landers/homepagestyle_1/v2/components/landers/fb-comments/fb-comments.css]
[getchillwell.co/_lp_data/files/landers/homepagestyle_1/v2/components/landers/fb-posts/fb-posts.css]
[getchillwell.co/_lp_data/files/landers/homepagestyle_1/v2/components/landers/image-link/image-link.css]
[getchillwell.co/_lp_data/files/landers/homepagestyle_1/v2/components/landers/button/button.css]
[getchillwell.co/_lp_data/files/landers/homepagestyle_1/v2/components-old/landers/header4/header4.css]
[getchillwell.co/_lp_data/files/landers/homepagestyle_1/v2/components-old/landers/header5/header5.css]
[getchillwell.co/_lp_data/files/landers/homepagestyle_1/v2/components-old/landers/features/features.css]
[getchillwell.co/_lp_data/files/landers/homepagestyle_1/v2/components/landers/footer/footer.css]
[getchillwell.co/_lp_data/files/landers/homepagestyle_1/v2/components/landers/footer-v2/footer-v2.css]
[getchillwell.co/_lp_data/files/landers/homepagestyle_1/v2/components/landers/header1/header1.css]
