[www.chillwellshop.com/indexd22d.html]
[backblue.gif]
[fade.gif]
[index.html]
[www.chillwellshop.com/assets/image/2bc8e588-69d0-4f7e-b753-a728b316efda/647d5621d2c19c19e083a412/764c5cfc-ee6c-42f5-ae48-c33fd5a20e2e/favicon-76575fce-dc12-4b6c-a070-d3d493ce5c0f.png]
[www.chillwellshop.com/assets/js/ctrwowUtils-v3.0.0.min3761.js]
[www.chillwellshop.com/assets/css/index3761.css]
[www.chillwellshop.com/assets/image/2bc8e588-69d0-4f7e-b753-a728b316efda/647d5621d2c19c19e083a412/00264b06-9b56-4732-965f-df2c5c8f8c04/avenir-next-regular.otf]
[www.chillwellshop.com/assets/image/2bc8e588-69d0-4f7e-b753-a728b316efda/647d5621d2c19c19e083a412/011a381f-898f-4f90-b9f9-63c8cac8eff7/helvetica-bold.ttf]
[www.chillwellshop.com/assets/js/CTR_FP_TRACKING-v2.9.2.min3761.js]
[www.chillwellshop.com/index.html]
[www.chillwellshop.com/blog.html]
[www.chillwellshop.com/contact-us.html]
[www.chillwellshop.com/en/ordernewgsship.html]
[www.chillwellshop.com/chillwell-2.0.html]
[www.chillwellshop.com/chillwell-2.0-filter.html]
[www.chillwellshop.com/terms.html]
[www.chillwellshop.com/policy.html]
[www.chillwellshop.com/assets/js/index3761.js]
[www.chillwellshop.com/indexd22d.html]
[www.chillwellshop.com/assets/image/2bc8e588-69d0-4f7e-b753-a728b316efda/647d5621d2c19c19e083a412/659298a1-3b7e-4045-816e-25fcbba52928/top-dk.png722d.webp]
[www.chillwellshop.com/assets/image/2bc8e588-69d0-4f7e-b753-a728b316efda/647d5621d2c19c19e083a412/659298a1-3b7e-4045-816e-25fcbba52928/top-dk722d.png]
[www.chillwellshop.com/assets/image/2bc8e588-69d0-4f7e-b753-a728b316efda/647d5621d2c19c19e083a412/1f502f3a-843a-4511-8de1-602ea3503d87/offer-dk.jpg376a.webp]
[www.chillwellshop.com/assets/image/2bc8e588-69d0-4f7e-b753-a728b316efda/647d5621d2c19c19e083a412/1f502f3a-843a-4511-8de1-602ea3503d87/offer-dk376a.jpg]
[www.chillwellshop.com/assets/image/2bc8e588-69d0-4f7e-b753-a728b316efda/647d5621d2c19c19e083a412/fbf64bb0-2c9d-4f2d-ad2d-4434d365137a/avenir-next-regular.otf]
[www.chillwellshop.com/assets/image/2bc8e588-69d0-4f7e-b753-a728b316efda/647d5621d2c19c19e083a412/396f2198-8d23-40c5-8874-1d3d72129a26/top-mb.jpgf34e.webp]
[www.chillwellshop.com/assets/image/2bc8e588-69d0-4f7e-b753-a728b316efda/647d5621d2c19c19e083a412/b6b695c0-5a24-460c-ad43-7027dbf9b5cb/avenirnext-bold.otf]
[www.chillwellshop.com/assets/image/2bc8e588-69d0-4f7e-b753-a728b316efda/647d5621d2c19c19e083a412/396f2198-8d23-40c5-8874-1d3d72129a26/top-mbf34e.jpg]
[www.chillwellshop.com/assets/css/index3761.css]
[www.chillwellshop.com/assets/image/584ea331-0cd2-4c48-85d9-737f9dddfa0b/60aca4dc104d5d0ab45c6cf0/e5fe5808-b4a6-4a7c-958d-08b7ccd0f988/avenirnext-regular.html]
[www.chillwellshop.com/assets/image/584ea331-0cd2-4c48-85d9-737f9dddfa0b/60aca4dc104d5d0ab45c6cf0/7e11aa32-2f3f-4a71-83ce-6c701c7a3aac/helvetica.html]
[www.chillwellshop.com/index.html]
[www.chillwellshop.com/assets/js/ctrwowUtils-v3.0.0.minf4cf.js]
[www.chillwellshop.com/assets/css/blogf4cf.css]
[www.chillwellshop.com/assets/js/CTR_FP_TRACKING-v2.9.2.minf4cf.js]
[www.chillwellshop.com/how-to-use-chillwell-2.0-portable-air-cooler-tips.html]
[www.chillwellshop.com/do-portable-air-coolers-use-a-lot-of-electricity-.html]
[www.chillwellshop.com/assets/js/blogf4cf.js]
[www.chillwellshop.com/blog.html]
[www.chillwellshop.com/assets/js/ctrwowUtils-v3.0.0.min8720.js]
[www.chillwellshop.com/assets/css/contact-us8720.css]
[www.chillwellshop.com/assets/js/CTR_FP_TRACKING-v2.9.2.min8720.js]
[www.chillwellshop.com/assets/js/contact-us8720.js]
[www.chillwellshop.com/contact-us.html]
[www.chillwellshop.com/en/assets/js/CTR_SPLIT_TEST_EXECUTE-v1.0.4.min.js]
[www.chillwellshop.com/en/assets/image/2bc8e588-69d0-4f7e-b753-a728b316efda/62e3a7d0ef95b12a90b9cf1f/f773c933-cee0-4b33-ab86-76f6abf8c02d/favicon-27811962-9f53-4efd-9c11-5f243e8c29fe.23.dela]
[www.chillwellshop.com/en/assets/js/ctr_heatmap_tracking-v1.9.3.min.js]
[www.chillwellshop.com/en/assets/js/ctrwowUtils-v3.0.0.min2c17.js]
[www.chillwellshop.com/en/assets/css/ordernewgsship2c17.css]
[www.chillwellshop.com/en/assets/image/2bc8e588-69d0-4f7e-b753-a728b316efda/62e3a7d0ef95b12a90b9cf1f/421897bd-19e2-4bbe-80da-8a522fbd698d/futura-medium.otf]
[www.chillwellshop.com/en/assets/js/CTR_FP_TRACKING-v2.9.2.min2c17.js]
[www.chillwellshop.com/en/terms-new.html]
[www.chillwellshop.com/en/policy-new.html]
[www.chillwellshop.com/en/contact-us-new.html]
[www.chillwellshop.com/en/return-new.html]
[www.chillwellshop.com/en/assets/image/2bc8e588-69d0-4f7e-b753-a728b316efda/6225cdb153d07b14d8411787/5625ad63-9466-48f0-bc49-e110d4196caa/manual.pdf]
[www.chillwellshop.com/en/shipping-new.html]
[www.chillwellshop.com/en/ordernewgsship.html]
[www.chillwellshop.com/en/assets/js/ordernewgsship2c17.js]
[www.chillwellshop.com/assets/js/ctrwowUtils-v3.0.0.minb5be.js]
[www.chillwellshop.com/en/assets/image/2bc8e588-69d0-4f7e-b753-a728b316efda/62e3a7d0ef95b12a90b9cf1f/432f40cb-1137-490f-b81d-8cf336125266/chillwell_im_embed_030923.pdf]
[www.chillwellshop.com/assets/css/chillwell-2.0b5be.css]
[www.chillwellshop.com/assets/js/CTR_FP_TRACKING-v2.9.2.minb5be.js]
[www.chillwellshop.com/chillwell-2.0.html]
[www.chillwellshop.com/assets/js/ctrwowUtils-v3.0.0.min05fe.js]
[www.chillwellshop.com/assets/js/chillwell-2.0b5be.js]
[www.chillwellshop.com/assets/css/chillwell-2.0-filter05fe.css]
[www.chillwellshop.com/assets/js/CTR_FP_TRACKING-v2.9.2.min05fe.js]
[www.chillwellshop.com/assets/js/chillwell-2.0-filter05fe.js]
[www.chillwellshop.com/chillwell-2.0-filter.html]
[www.chillwellshop.com/assets/js/ctrwowUtils-v3.0.0.min213f.js]
[www.chillwellshop.com/assets/css/terms213f.css]
[www.chillwellshop.com/assets/js/CTR_FP_TRACKING-v2.9.2.min213f.js]
[www.chillwellshop.com/assets/js/terms213f.js]
[www.chillwellshop.com/terms.html]
[www.chillwellshop.com/assets/js/ctrwowUtils-v3.0.0.minc42a.js]
[www.chillwellshop.com/assets/css/policyc42a.css]
[www.chillwellshop.com/assets/js/CTR_FP_TRACKING-v2.9.2.minc42a.js]
[www.chillwellshop.com/policy.html]
[www.chillwellshop.com/assets/css/blogf4cf.css]
[www.chillwellshop.com/assets/js/policyc42a.js]
[www.chillwellshop.com/assets/js/ctrwowUtils-v3.0.0.min11ff.js]
[www.chillwellshop.com/assets/css/how-to-use-chillwell-2.0-portable-air-cooler-tips11ff.css]
[www.chillwellshop.com/assets/js/CTR_FP_TRACKING-v2.9.2.min11ff.js]
[www.chillwellshop.com/assets/js/how-to-use-chillwell-2.0-portable-air-cooler-tips11ff.js]
[www.chillwellshop.com/how-to-use-chillwell-2.0-portable-air-cooler-tips.html]
[www.chillwellshop.com/assets/js/ctrwowUtils-v3.0.0.mind927.js]
[www.chillwellshop.com/assets/css/do-portable-air-coolers-use-a-lot-of-electricity-d927.css]
[www.chillwellshop.com/assets/js/CTR_FP_TRACKING-v2.9.2.mind927.js]
[www.chillwellshop.com/do-portable-air-coolers-use-a-lot-of-electricity-.html]
[www.chillwellshop.com/assets/css/contact-us8720.css]
[www.chillwellshop.com/en/assets/css/ordernewgsship2c17.css]
[www.chillwellshop.com/en/assets/image/584ea331-0cd2-4c48-85d9-737f9dddfa0b/611c7cd033cdfd17484ae851/978854e6-a895-410c-a4b8-be7bc4d6eb9a/avenirnext-medium.html]
[www.chillwellshop.com/en/assets/image/584ea331-0cd2-4c48-85d9-737f9dddfa0b/60caba1825461319706d3ada/43a5b03e-d9b7-4538-adaf-b4d4b4cb2344/avenirnext-bold-01.html]
[www.chillwellshop.com/en/assets/image/584ea331-0cd2-4c48-85d9-737f9dddfa0b/611c7cd033cdfd17484ae851/0be45344-fbc5-45c8-a8e4-c4c4d1fcbebb/avenir-next-bold.html]
[www.chillwellshop.com/en/assets/image/584ea331-0cd2-4c48-85d9-737f9dddfa0b/611c7cd033cdfd17484ae851/c1b021df-f543-440d-b52b-65134428f13d/avenirnext-demibold.html]
[www.chillwellshop.com/en/assets/image/584ea331-0cd2-4c48-85d9-737f9dddfa0b/611c7cd033cdfd17484ae851/bae0ecc1-7549-44d3-bf29-8cb5ac59fa40/avenir-next-regular.html]
[www.chillwellshop.com/assets/js/do-portable-air-coolers-use-a-lot-of-electricity-d927.js]
[www.chillwellshop.com/en/assets/js/ctrwowUtils-v3.0.0.min438d.js]
[www.chillwellshop.com/en/assets/css/terms-new438d.css]
[www.chillwellshop.com/en/assets/js/CTR_FP_TRACKING-v2.9.2.min438d.js]
[www.chillwellshop.com/en/assets/js/terms-new438d.js]
[www.chillwellshop.com/en/ordernewgs.html]
[www.chillwellshop.com/en/terms-new.html]
[www.chillwellshop.com/en/assets/js/ctrwowUtils-v3.0.0.mine6ba.js]
[www.chillwellshop.com/en/assets/css/policy-newe6ba.css]
[www.chillwellshop.com/en/assets/js/CTR_FP_TRACKING-v2.9.2.mine6ba.js]
[www.chillwellshop.com/en/assets/js/policy-newe6ba.js]
[www.chillwellshop.com/en/policy-new.html]
[www.chillwellshop.com/en/assets/js/ctrwowUtils-v3.0.0.min4f6b.js]
[www.chillwellshop.com/en/assets/css/contact-us-new4f6b.css]
[www.chillwellshop.com/en/assets/js/CTR_FP_TRACKING-v2.9.2.min4f6b.js]
[www.chillwellshop.com/en/assets/js/contact-us-new4f6b.js]
[www.chillwellshop.com/en/contact-us-new.html]
[www.chillwellshop.com/en/assets/js/ctrwowUtils-v3.0.0.min4753.js]
[www.chillwellshop.com/en/assets/css/return-new4753.css]
[www.chillwellshop.com/en/assets/js/CTR_FP_TRACKING-v2.9.2.min4753.js]
[www.chillwellshop.com/en/assets/js/return-new4753.js]
[www.chillwellshop.com/en/return-new.html]
[www.chillwellshop.com/en/assets/js/ctrwowUtils-v3.0.0.min2f02.js]
[www.chillwellshop.com/en/assets/css/shipping-new2f02.css]
[www.chillwellshop.com/en/assets/js/CTR_FP_TRACKING-v2.9.2.min2f02.js]
[www.chillwellshop.com/en/assets/js/shipping-new2f02.js]
[www.chillwellshop.com/en/shipping-new.html]
[www.chillwellshop.com/assets/css/chillwell-2.0b5be.css]
[www.chillwellshop.com/assets/image/2bc8e588-69d0-4f7e-b753-a728b316efda/647d5621d2c19c19e083a412/1c3ab81f-87da-43a6-8ddf-73bedf85f937/avenir-next-regular.html]
[www.chillwellshop.com/assets/css/chillwell-2.0-filter05fe.css]
[www.chillwellshop.com/assets/css/terms213f.css]
[www.chillwellshop.com/assets/css/policyc42a.css]
[www.chillwellshop.com/assets/css/how-to-use-chillwell-2.0-portable-air-cooler-tips11ff.css]
[www.chillwellshop.com/assets/css/do-portable-air-coolers-use-a-lot-of-electricity-d927.css]
[www.chillwellshop.com/en/assets/css/terms-new438d.css]
[www.chillwellshop.com/en/assets/js/ctrwowUtils-v3.0.0.mind0bc.js]
[www.chillwellshop.com/en/assets/css/ordernewgsd0bc.css]
[www.chillwellshop.com/en/assets/js/CTR_FP_TRACKING-v2.9.2.mind0bc.js]
[www.chillwellshop.com/en/ordernewgs.html]
[www.chillwellshop.com/en/assets/css/policy-newe6ba.css]
[www.chillwellshop.com/en/assets/css/contact-us-new4f6b.css]
[www.chillwellshop.com/en/assets/css/return-new4753.css]
[www.chillwellshop.com/en/assets/css/shipping-new2f02.css]
[www.chillwellshop.com/en/assets/css/ordernewgsd0bc.css]
[www.chillwellshop.com/en/assets/js/ordernewgsd0bc.js]
